npm warn EBADENGINE Unsupported engine {
npm warn EBADENGINE   package: '@hey-api/codegen-core@0.9.1',
npm warn EBADENGINE   required: { node: '>=22.18.0' },
npm warn EBADENGINE   current: { node: 'v22.14.0', npm: '10.9.2' }
npm warn EBADENGINE }
npm warn EBADENGINE Unsupported engine {
npm warn EBADENGINE   package: '@hey-api/json-schema-ref-parser@1.4.4',
npm warn EBADENGINE   required: { node: '>=22.18.0' },
npm warn EBADENGINE   current: { node: 'v22.14.0', npm: '10.9.2' }
npm warn EBADENGINE }
npm warn EBADENGINE Unsupported engine {
npm warn EBADENGINE   package: '@hey-api/openapi-ts@0.99.0',
npm warn EBADENGINE   required: { node: '>=22.18.0' },
npm warn EBADENGINE   current: { node: 'v22.14.0', npm: '10.9.2' }
npm warn EBADENGINE }
npm warn EBADENGINE Unsupported engine {
npm warn EBADENGINE   package: '@hey-api/shared@0.5.0',
npm warn EBADENGINE   required: { node: '>=22.18.0' },
npm warn EBADENGINE   current: { node: 'v22.14.0', npm: '10.9.2' }
npm warn EBADENGINE }
npm warn deprecated @hey-api/client-fetch@0.13.1: Starting with v0.73.0, this package is bundled directly inside @hey-api/openapi-ts.

added 764 packages, and audited 765 packages in 6s

265 packages are looking for funding
  run `npm fund` for details

9 vulnerabilities (1 low, 8 high)

To address issues that do not require attention, run:
  npm audit fix

To address all issues, run:
  npm audit fix --force

Run `npm audit` for details.
